ERROR: asInstruction() cannot be resolved for type DataFlowUtil::Node (/Users/mathias/semmle-code/ql/cpp/ql/lib/semmle/code/cpp/ir/dataflow/internal/DefaultTaintTrackingImpl.qll:253,36-49)
WARNING: Module TaintedWithPath has been deprecated and may be removed in future (tainted_diff.ql:5,35-54)
WARNING: Module TaintedWithPath has been deprecated and may be removed in future (tainted_diff.ql:12,7-26)
WARNING: Module TaintedWithPath has been deprecated and may be removed in future (tainted_diff.ql:16,3-22)
WARNING: Predicate taintedIncludingGlobalVars has been deprecated and may be removed in future (tainted_diff.ql:11,3-34)
WARNING: Predicate taintedIncludingGlobalVars has been deprecated and may be removed in future (tainted_diff.ql:17,7-38)
