uniqueEnclosingCallable
uniqueType
uniqueNodeLocation
| E.cpp:15:31:15:33 | buf | Node should have one location but has 2. |
| aliasing.cpp:2:11:2:13 | (unnamed parameter 0) | Node should have one location but has 2. |
| conflated.cpp:2:11:2:13 | (unnamed parameter 0) | Node should have one location but has 2. |
| conflated.cpp:14:22:14:25 | buf | Node should have one location but has 2. |
| file://:0:0:0:0 | (unnamed parameter 0) | Node should have one location but has 0. |
| file://:0:0:0:0 | (unnamed parameter 0) | Node should have one location but has 0. |
| file://:0:0:0:0 | (unnamed parameter 0) | Node should have one location but has 0. |
| file://:0:0:0:0 | (unnamed parameter 0) | Node should have one location but has 0. |
missingLocation
| Nodes without location: 4 |
uniqueNodeToString
| aliasing.cpp:106:3:106:5 | * ... | Node should have one toString but has 2. |
| aliasing.cpp:106:3:106:5 | pa | Node should have one toString but has 2. |
| aliasing.cpp:132:9:132:14 | & ... | Node should have one toString but has 3. |
| aliasing.cpp:132:9:132:14 | * ... | Node should have one toString but has 3. |
| aliasing.cpp:132:9:132:14 | xs | Node should have one toString but has 3. |
| aliasing.cpp:136:15:136:17 | + ... | Node should have one toString but has 2. |
| aliasing.cpp:136:15:136:17 | xs | Node should have one toString but has 2. |
| aliasing.cpp:137:9:137:11 | + ... | Node should have one toString but has 2. |
| aliasing.cpp:137:9:137:11 | xs | Node should have one toString but has 2. |
| by_reference.cpp:92:3:92:5 | * ... | Node should have one toString but has 2. |
| by_reference.cpp:92:3:92:5 | pa | Node should have one toString but has 2. |
| qualifiers.cpp:37:19:37:35 | * ... | Node should have one toString but has 2. |
| qualifiers.cpp:37:19:37:35 | call to getInner | Node should have one toString but has 2. |
missingToString
parameterCallable
localFlowIsLocal
readStepIsLocal
storeStepIsLocal
compatibleTypesReflexive
unreachableNodeCCtx
localCallNodes
postIsNotPre
| A.cpp:98:12:98:18 | new indirection | PostUpdateNode should not equal its pre-update node. |
| B.cpp:6:15:6:24 | new indirection | PostUpdateNode should not equal its pre-update node. |
| B.cpp:15:15:15:27 | new indirection | PostUpdateNode should not equal its pre-update node. |
| C.cpp:22:12:22:21 | new indirection | PostUpdateNode should not equal its pre-update node. |
| C.cpp:24:16:24:25 | new indirection | PostUpdateNode should not equal its pre-update node. |
| D.cpp:28:15:28:24 | new indirection | PostUpdateNode should not equal its pre-update node. |
| D.cpp:35:15:35:24 | new indirection | PostUpdateNode should not equal its pre-update node. |
| D.cpp:42:15:42:24 | new indirection | PostUpdateNode should not equal its pre-update node. |
| D.cpp:49:15:49:24 | new indirection | PostUpdateNode should not equal its pre-update node. |
| D.cpp:56:15:56:24 | new indirection | PostUpdateNode should not equal its pre-update node. |
postHasUniquePre
uniquePostUpdate
| aliasing.cpp:70:11:70:11 | r70_1 indirection | Node has multiple PostUpdateNodes. |
| aliasing.cpp:77:11:77:11 | r77_1 indirection | Node has multiple PostUpdateNodes. |
| aliasing.cpp:84:11:84:11 | r84_1 indirection | Node has multiple PostUpdateNodes. |
| aliasing.cpp:91:11:91:11 | r91_1 indirection | Node has multiple PostUpdateNodes. |
| struct_init.c:26:16:26:20 | r26_1 indirection | Node has multiple PostUpdateNodes. |
| struct_init.c:41:16:41:20 | r41_1 indirection | Node has multiple PostUpdateNodes. |
postIsInSameCallable
reverseRead
argHasPostUpdate
postWithInFlow
| A.cpp:98:12:98:18 | new indirection | PostUpdateNode should not be the target of local flow. |
| B.cpp:6:15:6:24 | new indirection | PostUpdateNode should not be the target of local flow. |
| B.cpp:15:15:15:27 | new indirection | PostUpdateNode should not be the target of local flow. |
| C.cpp:22:12:22:21 | new indirection | PostUpdateNode should not be the target of local flow. |
| C.cpp:24:16:24:25 | new indirection | PostUpdateNode should not be the target of local flow. |
| D.cpp:28:15:28:24 | new indirection | PostUpdateNode should not be the target of local flow. |
| D.cpp:35:15:35:24 | new indirection | PostUpdateNode should not be the target of local flow. |
| D.cpp:42:15:42:24 | new indirection | PostUpdateNode should not be the target of local flow. |
| D.cpp:49:15:49:24 | new indirection | PostUpdateNode should not be the target of local flow. |
| D.cpp:56:15:56:24 | new indirection | PostUpdateNode should not be the target of local flow. |
| realistic.cpp:54:16:54:47 | memcpy output argument | PostUpdateNode should not be the target of local flow. |
| realistic.cpp:60:16:60:18 | memcpy output argument | PostUpdateNode should not be the target of local flow. |
viableImplInCallContextTooLarge
uniqueParameterNodeAtPosition
uniqueParameterNodePosition
