#select
| test.cpp:82:9:82:12 | data | test.cpp:80:8:80:11 | data | test.cpp:82:9:82:12 | data | Memory pointed to by 'data' may have $@. | test.cpp:80:8:80:11 | data | been previously freed |
| test.cpp:82:9:82:12 | data | test.cpp:80:8:80:11 | data | test.cpp:82:9:82:12 | data | Memory pointed to by 'data' may have $@. | test.cpp:80:8:80:11 | data | been previously freed |
| test.cpp:223:13:223:16 | data | test.cpp:222:7:222:10 | data | test.cpp:223:13:223:16 | data | Memory pointed to by 'data' may have $@. | test.cpp:222:7:222:10 | data | been previously freed |
| test.cpp:223:13:223:16 | data | test.cpp:222:7:222:10 | data | test.cpp:223:13:223:16 | data | Memory pointed to by 'data' may have $@. | test.cpp:222:7:222:10 | data | been previously freed |
edges
| test.cpp:80:8:80:11 | data | test.cpp:80:8:80:11 | data |
| test.cpp:80:8:80:11 | data | test.cpp:82:2:82:13 | Phi |
| test.cpp:82:2:82:13 | Phi | test.cpp:82:9:82:12 | data |
| test.cpp:82:9:82:12 | data | test.cpp:82:9:82:12 | data |
| test.cpp:222:7:222:10 | data | test.cpp:222:7:222:10 | data |
| test.cpp:222:7:222:10 | data | test.cpp:223:13:223:16 | data |
| test.cpp:223:13:223:16 | data | test.cpp:223:13:223:16 | data |
