| dispatch.cpp:23:44:23:151 | // $ ir=33:18 ir=41:17 ir=69:15 ir=73:14 ir=81:13 MISSING: ast=33:18 ast=41:17 ast=69:15 ast=73:14 ast=81:13 | Missing result:ir=41:17 |
| dispatch.cpp:23:44:23:151 | // $ ir=33:18 ir=41:17 ir=69:15 ir=73:14 ir=81:13 MISSING: ast=33:18 ast=41:17 ast=69:15 ast=73:14 ast=81:13 | Missing result:ir=73:14 |
| dispatch.cpp:39:29:39:48 | // $ ir MISSING: ast | Missing result:ir= |
| dispatch.cpp:40:29:40:48 | // $ ir MISSING: ast | Missing result:ir= |
| dispatch.cpp:58:28:58:36 | call to isSource1 | Fixed missing result:ir= |
