missingOperand
unexpectedOperand
duplicateOperand
missingPhiOperand
| ir.c:116:7:116:7 | Phi: n | Instruction 'Phi: n' is missing an operand for predecessor block 'EnterFunction: decrement_and_no_global_side_effects' in function '$@'. | ir.c:111:6:111:41 | void decrement_and_no_global_side_effects(int) | void decrement_and_no_global_side_effects(int) |
missingOperandType
duplicateChiOperand
sideEffectWithoutPrimary
instructionWithoutSuccessor
ambiguousSuccessors
unexplainedLoop
unnecessaryPhiInstruction
memoryOperandDefinitionIsUnmodeled
operandAcrossFunctions
instructionWithoutUniqueBlock
missingCanonicalLanguageType
multipleCanonicalLanguageTypes
containsLoopOfForwardEdges
missingIRType
multipleIRTypes
lostReachability
backEdgeCountMismatch
useNotDominatedByDefinition
switchInstructionWithoutDefaultEdge
notMarkedAsConflated
wronglyMarkedAsConflated
invalidOverlap
nonUniqueEnclosingIRFunction
fieldAddressOnNonPointer
thisArgumentIsNonPointer
| ir.cpp:2546:34:2546:34 | Call: call to operator bool | Call instruction 'Call: call to operator bool' has a `this` argument operand that is not an address, in function '$@'. | ir.cpp:2545:6:2545:23 | void this_inconsistency(bool) | void this_inconsistency(bool) |
nonUniqueIRVariable
nonBooleanOperand
missingCppType
