missingOperand
unexpectedOperand
duplicateOperand
missingPhiOperand
missingOperandType
duplicateChiOperand
sideEffectWithoutPrimary
instructionWithoutSuccessor
ambiguousSuccessors
unexplainedLoop
unnecessaryPhiInstruction
memoryOperandDefinitionIsUnmodeled
operandAcrossFunctions
instructionWithoutUniqueBlock
| coroutines.cpp:87:20:87:20 | Call: call to unhandled_exception | Instruction 'Call: call to unhandled_exception' is a member of 0 blocks in function '$@'. | coroutines.cpp:87:20:87:33 | co_returnable_void co_return_void() | co_returnable_void co_return_void() |
| coroutines.cpp:87:20:87:20 | CallSideEffect: call to unhandled_exception | Instruction 'CallSideEffect: call to unhandled_exception' is a member of 0 blocks in function '$@'. | coroutines.cpp:87:20:87:33 | co_returnable_void co_return_void() | co_returnable_void co_return_void() |
| coroutines.cpp:87:20:87:20 | FunctionAddress: call to unhandled_exception | Instruction 'FunctionAddress: call to unhandled_exception' is a member of 0 blocks in function '$@'. | coroutines.cpp:87:20:87:33 | co_returnable_void co_return_void() | co_returnable_void co_return_void() |
| coroutines.cpp:87:20:87:20 | IndirectMayWriteSideEffect: (unnamed local variable) | Instruction 'IndirectMayWriteSideEffect: (unnamed local variable)' is a member of 0 blocks in function '$@'. | coroutines.cpp:87:20:87:33 | co_returnable_void co_return_void() | co_returnable_void co_return_void() |
| coroutines.cpp:87:20:87:20 | IndirectReadSideEffect: (unnamed local variable) | Instruction 'IndirectReadSideEffect: (unnamed local variable)' is a member of 0 blocks in function '$@'. | coroutines.cpp:87:20:87:33 | co_returnable_void co_return_void() | co_returnable_void co_return_void() |
| coroutines.cpp:87:20:87:20 | VariableAddress: (unnamed local variable) | Instruction 'VariableAddress: (unnamed local variable)' is a member of 0 blocks in function '$@'. | coroutines.cpp:87:20:87:33 | co_returnable_void co_return_void() | co_returnable_void co_return_void() |
| coroutines.cpp:87:20:87:33 | Unwind: co_return_void | Instruction 'Unwind: co_return_void' is a member of 0 blocks in function '$@'. | coroutines.cpp:87:20:87:33 | co_returnable_void co_return_void() | co_returnable_void co_return_void() |
| coroutines.cpp:91:21:91:21 | Call: call to unhandled_exception | Instruction 'Call: call to unhandled_exception' is a member of 0 blocks in function '$@'. | coroutines.cpp:91:21:91:33 | co_returnable_value co_return_int(int) | co_returnable_value co_return_int(int) |
| coroutines.cpp:91:21:91:21 | CallSideEffect: call to unhandled_exception | Instruction 'CallSideEffect: call to unhandled_exception' is a member of 0 blocks in function '$@'. | coroutines.cpp:91:21:91:33 | co_returnable_value co_return_int(int) | co_returnable_value co_return_int(int) |
| coroutines.cpp:91:21:91:21 | FunctionAddress: call to unhandled_exception | Instruction 'FunctionAddress: call to unhandled_exception' is a member of 0 blocks in function '$@'. | coroutines.cpp:91:21:91:33 | co_returnable_value co_return_int(int) | co_returnable_value co_return_int(int) |
| coroutines.cpp:91:21:91:21 | IndirectMayWriteSideEffect: (unnamed local variable) | Instruction 'IndirectMayWriteSideEffect: (unnamed local variable)' is a member of 0 blocks in function '$@'. | coroutines.cpp:91:21:91:33 | co_returnable_value co_return_int(int) | co_returnable_value co_return_int(int) |
| coroutines.cpp:91:21:91:21 | IndirectReadSideEffect: (unnamed local variable) | Instruction 'IndirectReadSideEffect: (unnamed local variable)' is a member of 0 blocks in function '$@'. | coroutines.cpp:91:21:91:33 | co_returnable_value co_return_int(int) | co_returnable_value co_return_int(int) |
| coroutines.cpp:91:21:91:21 | VariableAddress: (unnamed local variable) | Instruction 'VariableAddress: (unnamed local variable)' is a member of 0 blocks in function '$@'. | coroutines.cpp:91:21:91:33 | co_returnable_value co_return_int(int) | co_returnable_value co_return_int(int) |
| coroutines.cpp:91:21:91:33 | Unwind: co_return_int | Instruction 'Unwind: co_return_int' is a member of 0 blocks in function '$@'. | coroutines.cpp:91:21:91:33 | co_returnable_value co_return_int(int) | co_returnable_value co_return_int(int) |
| coroutines.cpp:95:20:95:20 | Call: call to unhandled_exception | Instruction 'Call: call to unhandled_exception' is a member of 0 blocks in function '$@'. | coroutines.cpp:95:20:95:38 | co_returnable_void co_yield_value_void(int) | co_returnable_void co_yield_value_void(int) |
| coroutines.cpp:95:20:95:20 | CallSideEffect: call to unhandled_exception | Instruction 'CallSideEffect: call to unhandled_exception' is a member of 0 blocks in function '$@'. | coroutines.cpp:95:20:95:38 | co_returnable_void co_yield_value_void(int) | co_returnable_void co_yield_value_void(int) |
| coroutines.cpp:95:20:95:20 | FunctionAddress: call to unhandled_exception | Instruction 'FunctionAddress: call to unhandled_exception' is a member of 0 blocks in function '$@'. | coroutines.cpp:95:20:95:38 | co_returnable_void co_yield_value_void(int) | co_returnable_void co_yield_value_void(int) |
| coroutines.cpp:95:20:95:20 | IndirectMayWriteSideEffect: (unnamed local variable) | Instruction 'IndirectMayWriteSideEffect: (unnamed local variable)' is a member of 0 blocks in function '$@'. | coroutines.cpp:95:20:95:38 | co_returnable_void co_yield_value_void(int) | co_returnable_void co_yield_value_void(int) |
| coroutines.cpp:95:20:95:20 | IndirectReadSideEffect: (unnamed local variable) | Instruction 'IndirectReadSideEffect: (unnamed local variable)' is a member of 0 blocks in function '$@'. | coroutines.cpp:95:20:95:38 | co_returnable_void co_yield_value_void(int) | co_returnable_void co_yield_value_void(int) |
| coroutines.cpp:95:20:95:20 | VariableAddress: (unnamed local variable) | Instruction 'VariableAddress: (unnamed local variable)' is a member of 0 blocks in function '$@'. | coroutines.cpp:95:20:95:38 | co_returnable_void co_yield_value_void(int) | co_returnable_void co_yield_value_void(int) |
| coroutines.cpp:95:20:95:38 | Unwind: co_yield_value_void | Instruction 'Unwind: co_yield_value_void' is a member of 0 blocks in function '$@'. | coroutines.cpp:95:20:95:38 | co_returnable_void co_yield_value_void(int) | co_returnable_void co_yield_value_void(int) |
| coroutines.cpp:99:21:99:21 | Call: call to unhandled_exception | Instruction 'Call: call to unhandled_exception' is a member of 0 blocks in function '$@'. | coroutines.cpp:99:21:99:40 | co_returnable_value co_yield_value_value(int) | co_returnable_value co_yield_value_value(int) |
| coroutines.cpp:99:21:99:21 | CallSideEffect: call to unhandled_exception | Instruction 'CallSideEffect: call to unhandled_exception' is a member of 0 blocks in function '$@'. | coroutines.cpp:99:21:99:40 | co_returnable_value co_yield_value_value(int) | co_returnable_value co_yield_value_value(int) |
| coroutines.cpp:99:21:99:21 | FunctionAddress: call to unhandled_exception | Instruction 'FunctionAddress: call to unhandled_exception' is a member of 0 blocks in function '$@'. | coroutines.cpp:99:21:99:40 | co_returnable_value co_yield_value_value(int) | co_returnable_value co_yield_value_value(int) |
| coroutines.cpp:99:21:99:21 | IndirectMayWriteSideEffect: (unnamed local variable) | Instruction 'IndirectMayWriteSideEffect: (unnamed local variable)' is a member of 0 blocks in function '$@'. | coroutines.cpp:99:21:99:40 | co_returnable_value co_yield_value_value(int) | co_returnable_value co_yield_value_value(int) |
| coroutines.cpp:99:21:99:21 | IndirectReadSideEffect: (unnamed local variable) | Instruction 'IndirectReadSideEffect: (unnamed local variable)' is a member of 0 blocks in function '$@'. | coroutines.cpp:99:21:99:40 | co_returnable_value co_yield_value_value(int) | co_returnable_value co_yield_value_value(int) |
| coroutines.cpp:99:21:99:21 | VariableAddress: (unnamed local variable) | Instruction 'VariableAddress: (unnamed local variable)' is a member of 0 blocks in function '$@'. | coroutines.cpp:99:21:99:40 | co_returnable_value co_yield_value_value(int) | co_returnable_value co_yield_value_value(int) |
| coroutines.cpp:99:21:99:40 | Unwind: co_yield_value_value | Instruction 'Unwind: co_yield_value_value' is a member of 0 blocks in function '$@'. | coroutines.cpp:99:21:99:40 | co_returnable_value co_yield_value_value(int) | co_returnable_value co_yield_value_value(int) |
| coroutines.cpp:103:20:103:20 | Call: call to unhandled_exception | Instruction 'Call: call to unhandled_exception' is a member of 0 blocks in function '$@'. | coroutines.cpp:103:20:103:43 | co_returnable_void co_yield_and_return_void(int) | co_returnable_void co_yield_and_return_void(int) |
| coroutines.cpp:103:20:103:20 | CallSideEffect: call to unhandled_exception | Instruction 'CallSideEffect: call to unhandled_exception' is a member of 0 blocks in function '$@'. | coroutines.cpp:103:20:103:43 | co_returnable_void co_yield_and_return_void(int) | co_returnable_void co_yield_and_return_void(int) |
| coroutines.cpp:103:20:103:20 | FunctionAddress: call to unhandled_exception | Instruction 'FunctionAddress: call to unhandled_exception' is a member of 0 blocks in function '$@'. | coroutines.cpp:103:20:103:43 | co_returnable_void co_yield_and_return_void(int) | co_returnable_void co_yield_and_return_void(int) |
| coroutines.cpp:103:20:103:20 | IndirectMayWriteSideEffect: (unnamed local variable) | Instruction 'IndirectMayWriteSideEffect: (unnamed local variable)' is a member of 0 blocks in function '$@'. | coroutines.cpp:103:20:103:43 | co_returnable_void co_yield_and_return_void(int) | co_returnable_void co_yield_and_return_void(int) |
| coroutines.cpp:103:20:103:20 | IndirectReadSideEffect: (unnamed local variable) | Instruction 'IndirectReadSideEffect: (unnamed local variable)' is a member of 0 blocks in function '$@'. | coroutines.cpp:103:20:103:43 | co_returnable_void co_yield_and_return_void(int) | co_returnable_void co_yield_and_return_void(int) |
| coroutines.cpp:103:20:103:20 | VariableAddress: (unnamed local variable) | Instruction 'VariableAddress: (unnamed local variable)' is a member of 0 blocks in function '$@'. | coroutines.cpp:103:20:103:43 | co_returnable_void co_yield_and_return_void(int) | co_returnable_void co_yield_and_return_void(int) |
| coroutines.cpp:103:20:103:43 | Unwind: co_yield_and_return_void | Instruction 'Unwind: co_yield_and_return_void' is a member of 0 blocks in function '$@'. | coroutines.cpp:103:20:103:43 | co_returnable_void co_yield_and_return_void(int) | co_returnable_void co_yield_and_return_void(int) |
| coroutines.cpp:108:21:108:21 | Call: call to unhandled_exception | Instruction 'Call: call to unhandled_exception' is a member of 0 blocks in function '$@'. | coroutines.cpp:108:21:108:45 | co_returnable_value co_yield_and_return_value(int) | co_returnable_value co_yield_and_return_value(int) |
| coroutines.cpp:108:21:108:21 | CallSideEffect: call to unhandled_exception | Instruction 'CallSideEffect: call to unhandled_exception' is a member of 0 blocks in function '$@'. | coroutines.cpp:108:21:108:45 | co_returnable_value co_yield_and_return_value(int) | co_returnable_value co_yield_and_return_value(int) |
| coroutines.cpp:108:21:108:21 | FunctionAddress: call to unhandled_exception | Instruction 'FunctionAddress: call to unhandled_exception' is a member of 0 blocks in function '$@'. | coroutines.cpp:108:21:108:45 | co_returnable_value co_yield_and_return_value(int) | co_returnable_value co_yield_and_return_value(int) |
| coroutines.cpp:108:21:108:21 | IndirectMayWriteSideEffect: (unnamed local variable) | Instruction 'IndirectMayWriteSideEffect: (unnamed local variable)' is a member of 0 blocks in function '$@'. | coroutines.cpp:108:21:108:45 | co_returnable_value co_yield_and_return_value(int) | co_returnable_value co_yield_and_return_value(int) |
| coroutines.cpp:108:21:108:21 | IndirectReadSideEffect: (unnamed local variable) | Instruction 'IndirectReadSideEffect: (unnamed local variable)' is a member of 0 blocks in function '$@'. | coroutines.cpp:108:21:108:45 | co_returnable_value co_yield_and_return_value(int) | co_returnable_value co_yield_and_return_value(int) |
| coroutines.cpp:108:21:108:21 | VariableAddress: (unnamed local variable) | Instruction 'VariableAddress: (unnamed local variable)' is a member of 0 blocks in function '$@'. | coroutines.cpp:108:21:108:45 | co_returnable_value co_yield_and_return_value(int) | co_returnable_value co_yield_and_return_value(int) |
| coroutines.cpp:108:21:108:45 | Unwind: co_yield_and_return_value | Instruction 'Unwind: co_yield_and_return_value' is a member of 0 blocks in function '$@'. | coroutines.cpp:108:21:108:45 | co_returnable_value co_yield_and_return_value(int) | co_returnable_value co_yield_and_return_value(int) |
| file://:0:0:0:0 | CatchAny: <handler> | Instruction 'CatchAny: <handler>' is a member of 0 blocks in function '$@'. | coroutines.cpp:87:20:87:33 | co_returnable_void co_return_void() | co_returnable_void co_return_void() |
| file://:0:0:0:0 | CatchAny: <handler> | Instruction 'CatchAny: <handler>' is a member of 0 blocks in function '$@'. | coroutines.cpp:91:21:91:33 | co_returnable_value co_return_int(int) | co_returnable_value co_return_int(int) |
| file://:0:0:0:0 | CatchAny: <handler> | Instruction 'CatchAny: <handler>' is a member of 0 blocks in function '$@'. | coroutines.cpp:95:20:95:38 | co_returnable_void co_yield_value_void(int) | co_returnable_void co_yield_value_void(int) |
| file://:0:0:0:0 | CatchAny: <handler> | Instruction 'CatchAny: <handler>' is a member of 0 blocks in function '$@'. | coroutines.cpp:99:21:99:40 | co_returnable_value co_yield_value_value(int) | co_returnable_value co_yield_value_value(int) |
| file://:0:0:0:0 | CatchAny: <handler> | Instruction 'CatchAny: <handler>' is a member of 0 blocks in function '$@'. | coroutines.cpp:103:20:103:43 | co_returnable_void co_yield_and_return_void(int) | co_returnable_void co_yield_and_return_void(int) |
| file://:0:0:0:0 | CatchAny: <handler> | Instruction 'CatchAny: <handler>' is a member of 0 blocks in function '$@'. | coroutines.cpp:108:21:108:45 | co_returnable_value co_yield_and_return_value(int) | co_returnable_value co_yield_and_return_value(int) |
| file://:0:0:0:0 | ConditionalBranch: ! ... | Instruction 'ConditionalBranch: ! ...' is a member of 0 blocks in function '$@'. | coroutines.cpp:87:20:87:33 | co_returnable_void co_return_void() | co_returnable_void co_return_void() |
| file://:0:0:0:0 | ConditionalBranch: ! ... | Instruction 'ConditionalBranch: ! ...' is a member of 0 blocks in function '$@'. | coroutines.cpp:91:21:91:33 | co_returnable_value co_return_int(int) | co_returnable_value co_return_int(int) |
| file://:0:0:0:0 | ConditionalBranch: ! ... | Instruction 'ConditionalBranch: ! ...' is a member of 0 blocks in function '$@'. | coroutines.cpp:95:20:95:38 | co_returnable_void co_yield_value_void(int) | co_returnable_void co_yield_value_void(int) |
| file://:0:0:0:0 | ConditionalBranch: ! ... | Instruction 'ConditionalBranch: ! ...' is a member of 0 blocks in function '$@'. | coroutines.cpp:99:21:99:40 | co_returnable_value co_yield_value_value(int) | co_returnable_value co_yield_value_value(int) |
| file://:0:0:0:0 | ConditionalBranch: ! ... | Instruction 'ConditionalBranch: ! ...' is a member of 0 blocks in function '$@'. | coroutines.cpp:103:20:103:43 | co_returnable_void co_yield_and_return_void(int) | co_returnable_void co_yield_and_return_void(int) |
| file://:0:0:0:0 | ConditionalBranch: ! ... | Instruction 'ConditionalBranch: ! ...' is a member of 0 blocks in function '$@'. | coroutines.cpp:108:21:108:45 | co_returnable_value co_yield_and_return_value(int) | co_returnable_value co_yield_and_return_value(int) |
| file://:0:0:0:0 | Load: (unnamed local variable) | Instruction 'Load: (unnamed local variable)' is a member of 0 blocks in function '$@'. | coroutines.cpp:87:20:87:33 | co_returnable_void co_return_void() | co_returnable_void co_return_void() |
| file://:0:0:0:0 | Load: (unnamed local variable) | Instruction 'Load: (unnamed local variable)' is a member of 0 blocks in function '$@'. | coroutines.cpp:91:21:91:33 | co_returnable_value co_return_int(int) | co_returnable_value co_return_int(int) |
| file://:0:0:0:0 | Load: (unnamed local variable) | Instruction 'Load: (unnamed local variable)' is a member of 0 blocks in function '$@'. | coroutines.cpp:95:20:95:38 | co_returnable_void co_yield_value_void(int) | co_returnable_void co_yield_value_void(int) |
| file://:0:0:0:0 | Load: (unnamed local variable) | Instruction 'Load: (unnamed local variable)' is a member of 0 blocks in function '$@'. | coroutines.cpp:99:21:99:40 | co_returnable_value co_yield_value_value(int) | co_returnable_value co_yield_value_value(int) |
| file://:0:0:0:0 | Load: (unnamed local variable) | Instruction 'Load: (unnamed local variable)' is a member of 0 blocks in function '$@'. | coroutines.cpp:103:20:103:43 | co_returnable_void co_yield_and_return_void(int) | co_returnable_void co_yield_and_return_void(int) |
| file://:0:0:0:0 | Load: (unnamed local variable) | Instruction 'Load: (unnamed local variable)' is a member of 0 blocks in function '$@'. | coroutines.cpp:108:21:108:45 | co_returnable_value co_yield_and_return_value(int) | co_returnable_value co_yield_and_return_value(int) |
| file://:0:0:0:0 | LogicalNot: ! ... | Instruction 'LogicalNot: ! ...' is a member of 0 blocks in function '$@'. | coroutines.cpp:87:20:87:33 | co_returnable_void co_return_void() | co_returnable_void co_return_void() |
| file://:0:0:0:0 | LogicalNot: ! ... | Instruction 'LogicalNot: ! ...' is a member of 0 blocks in function '$@'. | coroutines.cpp:91:21:91:33 | co_returnable_value co_return_int(int) | co_returnable_value co_return_int(int) |
| file://:0:0:0:0 | LogicalNot: ! ... | Instruction 'LogicalNot: ! ...' is a member of 0 blocks in function '$@'. | coroutines.cpp:95:20:95:38 | co_returnable_void co_yield_value_void(int) | co_returnable_void co_yield_value_void(int) |
| file://:0:0:0:0 | LogicalNot: ! ... | Instruction 'LogicalNot: ! ...' is a member of 0 blocks in function '$@'. | coroutines.cpp:99:21:99:40 | co_returnable_value co_yield_value_value(int) | co_returnable_value co_yield_value_value(int) |
| file://:0:0:0:0 | LogicalNot: ! ... | Instruction 'LogicalNot: ! ...' is a member of 0 blocks in function '$@'. | coroutines.cpp:103:20:103:43 | co_returnable_void co_yield_and_return_void(int) | co_returnable_void co_yield_and_return_void(int) |
| file://:0:0:0:0 | LogicalNot: ! ... | Instruction 'LogicalNot: ! ...' is a member of 0 blocks in function '$@'. | coroutines.cpp:108:21:108:45 | co_returnable_value co_yield_and_return_value(int) | co_returnable_value co_yield_and_return_value(int) |
| file://:0:0:0:0 | ReThrow: re-throw exception  | Instruction 'ReThrow: re-throw exception ' is a member of 0 blocks in function '$@'. | coroutines.cpp:87:20:87:33 | co_returnable_void co_return_void() | co_returnable_void co_return_void() |
| file://:0:0:0:0 | ReThrow: re-throw exception  | Instruction 'ReThrow: re-throw exception ' is a member of 0 blocks in function '$@'. | coroutines.cpp:91:21:91:33 | co_returnable_value co_return_int(int) | co_returnable_value co_return_int(int) |
| file://:0:0:0:0 | ReThrow: re-throw exception  | Instruction 'ReThrow: re-throw exception ' is a member of 0 blocks in function '$@'. | coroutines.cpp:95:20:95:38 | co_returnable_void co_yield_value_void(int) | co_returnable_void co_yield_value_void(int) |
| file://:0:0:0:0 | ReThrow: re-throw exception  | Instruction 'ReThrow: re-throw exception ' is a member of 0 blocks in function '$@'. | coroutines.cpp:99:21:99:40 | co_returnable_value co_yield_value_value(int) | co_returnable_value co_yield_value_value(int) |
| file://:0:0:0:0 | ReThrow: re-throw exception  | Instruction 'ReThrow: re-throw exception ' is a member of 0 blocks in function '$@'. | coroutines.cpp:103:20:103:43 | co_returnable_void co_yield_and_return_void(int) | co_returnable_void co_yield_and_return_void(int) |
| file://:0:0:0:0 | ReThrow: re-throw exception  | Instruction 'ReThrow: re-throw exception ' is a member of 0 blocks in function '$@'. | coroutines.cpp:108:21:108:45 | co_returnable_value co_yield_and_return_value(int) | co_returnable_value co_yield_and_return_value(int) |
| file://:0:0:0:0 | VariableAddress: (unnamed local variable) | Instruction 'VariableAddress: (unnamed local variable)' is a member of 0 blocks in function '$@'. | coroutines.cpp:87:20:87:33 | co_returnable_void co_return_void() | co_returnable_void co_return_void() |
| file://:0:0:0:0 | VariableAddress: (unnamed local variable) | Instruction 'VariableAddress: (unnamed local variable)' is a member of 0 blocks in function '$@'. | coroutines.cpp:91:21:91:33 | co_returnable_value co_return_int(int) | co_returnable_value co_return_int(int) |
| file://:0:0:0:0 | VariableAddress: (unnamed local variable) | Instruction 'VariableAddress: (unnamed local variable)' is a member of 0 blocks in function '$@'. | coroutines.cpp:95:20:95:38 | co_returnable_void co_yield_value_void(int) | co_returnable_void co_yield_value_void(int) |
| file://:0:0:0:0 | VariableAddress: (unnamed local variable) | Instruction 'VariableAddress: (unnamed local variable)' is a member of 0 blocks in function '$@'. | coroutines.cpp:99:21:99:40 | co_returnable_value co_yield_value_value(int) | co_returnable_value co_yield_value_value(int) |
| file://:0:0:0:0 | VariableAddress: (unnamed local variable) | Instruction 'VariableAddress: (unnamed local variable)' is a member of 0 blocks in function '$@'. | coroutines.cpp:103:20:103:43 | co_returnable_void co_yield_and_return_void(int) | co_returnable_void co_yield_and_return_void(int) |
| file://:0:0:0:0 | VariableAddress: (unnamed local variable) | Instruction 'VariableAddress: (unnamed local variable)' is a member of 0 blocks in function '$@'. | coroutines.cpp:108:21:108:45 | co_returnable_value co_yield_and_return_value(int) | co_returnable_value co_yield_and_return_value(int) |
| ir.cpp:265:6:265:14 | AliasedUse: For_Empty | Instruction 'AliasedUse: For_Empty' is a member of 0 blocks in function '$@'. | ir.cpp:265:6:265:14 | void For_Empty() | void For_Empty() |
| ir.cpp:265:6:265:14 | ExitFunction: For_Empty | Instruction 'ExitFunction: For_Empty' is a member of 0 blocks in function '$@'. | ir.cpp:265:6:265:14 | void For_Empty() | void For_Empty() |
| ir.cpp:265:6:265:14 | ReturnVoid: For_Empty | Instruction 'ReturnVoid: For_Empty' is a member of 0 blocks in function '$@'. | ir.cpp:265:6:265:14 | void For_Empty() | void For_Empty() |
| ir.cpp:272:6:272:13 | AliasedUse: For_Init | Instruction 'AliasedUse: For_Init' is a member of 0 blocks in function '$@'. | ir.cpp:272:6:272:13 | void For_Init() | void For_Init() |
| ir.cpp:272:6:272:13 | ExitFunction: For_Init | Instruction 'ExitFunction: For_Init' is a member of 0 blocks in function '$@'. | ir.cpp:272:6:272:13 | void For_Init() | void For_Init() |
| ir.cpp:272:6:272:13 | ReturnVoid: For_Init | Instruction 'ReturnVoid: For_Init' is a member of 0 blocks in function '$@'. | ir.cpp:272:6:272:13 | void For_Init() | void For_Init() |
| ir.cpp:285:6:285:15 | AliasedUse: For_Update | Instruction 'AliasedUse: For_Update' is a member of 0 blocks in function '$@'. | ir.cpp:285:6:285:15 | void For_Update() | void For_Update() |
| ir.cpp:285:6:285:15 | ExitFunction: For_Update | Instruction 'ExitFunction: For_Update' is a member of 0 blocks in function '$@'. | ir.cpp:285:6:285:15 | void For_Update() | void For_Update() |
| ir.cpp:285:6:285:15 | ReturnVoid: For_Update | Instruction 'ReturnVoid: For_Update' is a member of 0 blocks in function '$@'. | ir.cpp:285:6:285:15 | void For_Update() | void For_Update() |
| ir.cpp:298:6:298:19 | AliasedUse: For_InitUpdate | Instruction 'AliasedUse: For_InitUpdate' is a member of 0 blocks in function '$@'. | ir.cpp:298:6:298:19 | void For_InitUpdate() | void For_InitUpdate() |
| ir.cpp:298:6:298:19 | ExitFunction: For_InitUpdate | Instruction 'ExitFunction: For_InitUpdate' is a member of 0 blocks in function '$@'. | ir.cpp:298:6:298:19 | void For_InitUpdate() | void For_InitUpdate() |
| ir.cpp:298:6:298:19 | ReturnVoid: For_InitUpdate | Instruction 'ReturnVoid: For_InitUpdate' is a member of 0 blocks in function '$@'. | ir.cpp:298:6:298:19 | void For_InitUpdate() | void For_InitUpdate() |
| ir.cpp:387:9:387:9 | VariableAddress: y | Instruction 'VariableAddress: y' is a member of 0 blocks in function '$@'. | ir.cpp:384:6:384:11 | void Switch(int) | void Switch(int) |
| ir.cpp:387:9:387:16 | Store: ... = ... | Instruction 'Store: ... = ...' is a member of 0 blocks in function '$@'. | ir.cpp:384:6:384:11 | void Switch(int) | void Switch(int) |
| ir.cpp:387:13:387:16 | Constant: 1234 | Instruction 'Constant: 1234' is a member of 0 blocks in function '$@'. | ir.cpp:384:6:384:11 | void Switch(int) | void Switch(int) |
| ir.cpp:408:9:408:9 | VariableAddress: y | Instruction 'VariableAddress: y' is a member of 0 blocks in function '$@'. | ir.cpp:384:6:384:11 | void Switch(int) | void Switch(int) |
| ir.cpp:408:9:408:16 | Store: ... = ... | Instruction 'Store: ... = ...' is a member of 0 blocks in function '$@'. | ir.cpp:384:6:384:11 | void Switch(int) | void Switch(int) |
| ir.cpp:408:13:408:16 | Constant: 5678 | Instruction 'Constant: 5678' is a member of 0 blocks in function '$@'. | ir.cpp:384:6:384:11 | void Switch(int) | void Switch(int) |
| ir.cpp:1535:8:1535:8 | Call: call to StructuredBindingDataMemberMemberStruct | Instruction 'Call: call to StructuredBindingDataMemberMemberStruct' is a member of 0 blocks in function '$@'. | ir.cpp:1535:8:1535:8 | void StructuredBindingDataMemberStruct::StructuredBindingDataMemberStruct() | void StructuredBindingDataMemberStruct::StructuredBindingDataMemberStruct() |
| ir.cpp:1535:8:1535:8 | CallSideEffect: call to StructuredBindingDataMemberMemberStruct | Instruction 'CallSideEffect: call to StructuredBindingDataMemberMemberStruct' is a member of 0 blocks in function '$@'. | ir.cpp:1535:8:1535:8 | void StructuredBindingDataMemberStruct::StructuredBindingDataMemberStruct() | void StructuredBindingDataMemberStruct::StructuredBindingDataMemberStruct() |
| ir.cpp:1535:8:1535:8 | FieldAddress: constructor init of field m | Instruction 'FieldAddress: constructor init of field m' is a member of 0 blocks in function '$@'. | ir.cpp:1535:8:1535:8 | void StructuredBindingDataMemberStruct::StructuredBindingDataMemberStruct() | void StructuredBindingDataMemberStruct::StructuredBindingDataMemberStruct() |
| ir.cpp:1535:8:1535:8 | FunctionAddress: call to StructuredBindingDataMemberMemberStruct | Instruction 'FunctionAddress: call to StructuredBindingDataMemberMemberStruct' is a member of 0 blocks in function '$@'. | ir.cpp:1535:8:1535:8 | void StructuredBindingDataMemberStruct::StructuredBindingDataMemberStruct() | void StructuredBindingDataMemberStruct::StructuredBindingDataMemberStruct() |
| ir.cpp:1535:8:1535:8 | IndirectMayWriteSideEffect: call to StructuredBindingDataMemberMemberStruct | Instruction 'IndirectMayWriteSideEffect: call to StructuredBindingDataMemberMemberStruct' is a member of 0 blocks in function '$@'. | ir.cpp:1535:8:1535:8 | void StructuredBindingDataMemberStruct::StructuredBindingDataMemberStruct() | void StructuredBindingDataMemberStruct::StructuredBindingDataMemberStruct() |
| ir.cpp:1968:1:1968:1 | Uninitialized: return ... | Instruction 'Uninitialized: return ...' is a member of 0 blocks in function '$@'. | ir.cpp:1962:5:1962:16 | int noreturnTest(int) | int noreturnTest(int) |
| ir.cpp:1968:1:1968:1 | VariableAddress: return ... | Instruction 'VariableAddress: return ...' is a member of 0 blocks in function '$@'. | ir.cpp:1962:5:1962:16 | int noreturnTest(int) | int noreturnTest(int) |
| ir.cpp:2148:6:2148:17 | AliasedUse: CallsNonExit | Instruction 'AliasedUse: CallsNonExit' is a member of 0 blocks in function '$@'. | ir.cpp:2148:6:2148:17 | void CallsNonExit() | void CallsNonExit() |
| ir.cpp:2148:6:2148:17 | ExitFunction: CallsNonExit | Instruction 'ExitFunction: CallsNonExit' is a member of 0 blocks in function '$@'. | ir.cpp:2148:6:2148:17 | void CallsNonExit() | void CallsNonExit() |
| ir.cpp:2148:6:2148:17 | ReturnVoid: CallsNonExit | Instruction 'ReturnVoid: CallsNonExit' is a member of 0 blocks in function '$@'. | ir.cpp:2148:6:2148:17 | void CallsNonExit() | void CallsNonExit() |
| ir.cpp:2151:1:2151:1 | NoOp: return ... | Instruction 'NoOp: return ...' is a member of 0 blocks in function '$@'. | ir.cpp:2148:6:2148:17 | void CallsNonExit() | void CallsNonExit() |
| ir.cpp:2213:5:2213:5 | Call: call to ~ClassWithDestructor | Instruction 'Call: call to ~ClassWithDestructor' is a member of 0 blocks in function '$@'. | ir.cpp:2199:6:2199:35 | void initialization_with_destructor(bool, char) | void initialization_with_destructor(bool, char) |
| ir.cpp:2213:5:2213:5 | CallSideEffect: call to ~ClassWithDestructor | Instruction 'CallSideEffect: call to ~ClassWithDestructor' is a member of 0 blocks in function '$@'. | ir.cpp:2199:6:2199:35 | void initialization_with_destructor(bool, char) | void initialization_with_destructor(bool, char) |
| ir.cpp:2213:5:2213:5 | FunctionAddress: call to ~ClassWithDestructor | Instruction 'FunctionAddress: call to ~ClassWithDestructor' is a member of 0 blocks in function '$@'. | ir.cpp:2199:6:2199:35 | void initialization_with_destructor(bool, char) | void initialization_with_destructor(bool, char) |
| ir.cpp:2213:5:2213:5 | IndirectMayWriteSideEffect: x | Instruction 'IndirectMayWriteSideEffect: x' is a member of 0 blocks in function '$@'. | ir.cpp:2199:6:2199:35 | void initialization_with_destructor(bool, char) | void initialization_with_destructor(bool, char) |
| ir.cpp:2213:5:2213:5 | IndirectReadSideEffect: x | Instruction 'IndirectReadSideEffect: x' is a member of 0 blocks in function '$@'. | ir.cpp:2199:6:2199:35 | void initialization_with_destructor(bool, char) | void initialization_with_destructor(bool, char) |
| ir.cpp:2213:5:2213:5 | VariableAddress: x | Instruction 'VariableAddress: x' is a member of 0 blocks in function '$@'. | ir.cpp:2199:6:2199:35 | void initialization_with_destructor(bool, char) | void initialization_with_destructor(bool, char) |
| ir.cpp:2451:6:2451:29 | ReturnVoid: rethrow_with_destruction | Instruction 'ReturnVoid: rethrow_with_destruction' is a member of 0 blocks in function '$@'. | ir.cpp:2451:6:2451:29 | void rethrow_with_destruction(int) | void rethrow_with_destruction(int) |
| ir.cpp:2507:5:2507:5 | Call: call to ~ClassWithDestructor | Instruction 'Call: call to ~ClassWithDestructor' is a member of 0 blocks in function '$@'. | ir.cpp:2502:6:2502:28 | void destruction_in_switch_1(int) | void destruction_in_switch_1(int) |
| ir.cpp:2507:5:2507:5 | CallSideEffect: call to ~ClassWithDestructor | Instruction 'CallSideEffect: call to ~ClassWithDestructor' is a member of 0 blocks in function '$@'. | ir.cpp:2502:6:2502:28 | void destruction_in_switch_1(int) | void destruction_in_switch_1(int) |
| ir.cpp:2507:5:2507:5 | FunctionAddress: call to ~ClassWithDestructor | Instruction 'FunctionAddress: call to ~ClassWithDestructor' is a member of 0 blocks in function '$@'. | ir.cpp:2502:6:2502:28 | void destruction_in_switch_1(int) | void destruction_in_switch_1(int) |
| ir.cpp:2507:5:2507:5 | IndirectMayWriteSideEffect: x | Instruction 'IndirectMayWriteSideEffect: x' is a member of 0 blocks in function '$@'. | ir.cpp:2502:6:2502:28 | void destruction_in_switch_1(int) | void destruction_in_switch_1(int) |
| ir.cpp:2507:5:2507:5 | IndirectReadSideEffect: x | Instruction 'IndirectReadSideEffect: x' is a member of 0 blocks in function '$@'. | ir.cpp:2502:6:2502:28 | void destruction_in_switch_1(int) | void destruction_in_switch_1(int) |
| ir.cpp:2507:5:2507:5 | VariableAddress: x | Instruction 'VariableAddress: x' is a member of 0 blocks in function '$@'. | ir.cpp:2502:6:2502:28 | void destruction_in_switch_1(int) | void destruction_in_switch_1(int) |
| ir.cpp:2519:3:2519:3 | Call: call to ~ClassWithDestructor | Instruction 'Call: call to ~ClassWithDestructor' is a member of 0 blocks in function '$@'. | ir.cpp:2511:6:2511:28 | void destruction_in_switch_2(int) | void destruction_in_switch_2(int) |
| ir.cpp:2519:3:2519:3 | CallSideEffect: call to ~ClassWithDestructor | Instruction 'CallSideEffect: call to ~ClassWithDestructor' is a member of 0 blocks in function '$@'. | ir.cpp:2511:6:2511:28 | void destruction_in_switch_2(int) | void destruction_in_switch_2(int) |
| ir.cpp:2519:3:2519:3 | FunctionAddress: call to ~ClassWithDestructor | Instruction 'FunctionAddress: call to ~ClassWithDestructor' is a member of 0 blocks in function '$@'. | ir.cpp:2511:6:2511:28 | void destruction_in_switch_2(int) | void destruction_in_switch_2(int) |
| ir.cpp:2519:3:2519:3 | IndirectMayWriteSideEffect: y | Instruction 'IndirectMayWriteSideEffect: y' is a member of 0 blocks in function '$@'. | ir.cpp:2511:6:2511:28 | void destruction_in_switch_2(int) | void destruction_in_switch_2(int) |
| ir.cpp:2519:3:2519:3 | IndirectReadSideEffect: y | Instruction 'IndirectReadSideEffect: y' is a member of 0 blocks in function '$@'. | ir.cpp:2511:6:2511:28 | void destruction_in_switch_2(int) | void destruction_in_switch_2(int) |
| ir.cpp:2519:3:2519:3 | VariableAddress: y | Instruction 'VariableAddress: y' is a member of 0 blocks in function '$@'. | ir.cpp:2511:6:2511:28 | void destruction_in_switch_2(int) | void destruction_in_switch_2(int) |
| ir.cpp:2527:5:2527:5 | Call: call to ~ClassWithDestructor | Instruction 'Call: call to ~ClassWithDestructor' is a member of 0 blocks in function '$@'. | ir.cpp:2522:6:2522:28 | void destruction_in_switch_3(int) | void destruction_in_switch_3(int) |
| ir.cpp:2527:5:2527:5 | CallSideEffect: call to ~ClassWithDestructor | Instruction 'CallSideEffect: call to ~ClassWithDestructor' is a member of 0 blocks in function '$@'. | ir.cpp:2522:6:2522:28 | void destruction_in_switch_3(int) | void destruction_in_switch_3(int) |
| ir.cpp:2527:5:2527:5 | FunctionAddress: call to ~ClassWithDestructor | Instruction 'FunctionAddress: call to ~ClassWithDestructor' is a member of 0 blocks in function '$@'. | ir.cpp:2522:6:2522:28 | void destruction_in_switch_3(int) | void destruction_in_switch_3(int) |
| ir.cpp:2527:5:2527:5 | IndirectMayWriteSideEffect: x | Instruction 'IndirectMayWriteSideEffect: x' is a member of 0 blocks in function '$@'. | ir.cpp:2522:6:2522:28 | void destruction_in_switch_3(int) | void destruction_in_switch_3(int) |
| ir.cpp:2527:5:2527:5 | IndirectReadSideEffect: x | Instruction 'IndirectReadSideEffect: x' is a member of 0 blocks in function '$@'. | ir.cpp:2522:6:2522:28 | void destruction_in_switch_3(int) | void destruction_in_switch_3(int) |
| ir.cpp:2527:5:2527:5 | VariableAddress: x | Instruction 'VariableAddress: x' is a member of 0 blocks in function '$@'. | ir.cpp:2522:6:2522:28 | void destruction_in_switch_3(int) | void destruction_in_switch_3(int) |
| ir.cpp:2531:3:2531:3 | Call: call to ~ClassWithDestructor | Instruction 'Call: call to ~ClassWithDestructor' is a member of 0 blocks in function '$@'. | ir.cpp:2522:6:2522:28 | void destruction_in_switch_3(int) | void destruction_in_switch_3(int) |
| ir.cpp:2531:3:2531:3 | CallSideEffect: call to ~ClassWithDestructor | Instruction 'CallSideEffect: call to ~ClassWithDestructor' is a member of 0 blocks in function '$@'. | ir.cpp:2522:6:2522:28 | void destruction_in_switch_3(int) | void destruction_in_switch_3(int) |
| ir.cpp:2531:3:2531:3 | FunctionAddress: call to ~ClassWithDestructor | Instruction 'FunctionAddress: call to ~ClassWithDestructor' is a member of 0 blocks in function '$@'. | ir.cpp:2522:6:2522:28 | void destruction_in_switch_3(int) | void destruction_in_switch_3(int) |
| ir.cpp:2531:3:2531:3 | IndirectMayWriteSideEffect: y | Instruction 'IndirectMayWriteSideEffect: y' is a member of 0 blocks in function '$@'. | ir.cpp:2522:6:2522:28 | void destruction_in_switch_3(int) | void destruction_in_switch_3(int) |
| ir.cpp:2531:3:2531:3 | IndirectReadSideEffect: y | Instruction 'IndirectReadSideEffect: y' is a member of 0 blocks in function '$@'. | ir.cpp:2522:6:2522:28 | void destruction_in_switch_3(int) | void destruction_in_switch_3(int) |
| ir.cpp:2531:3:2531:3 | VariableAddress: y | Instruction 'VariableAddress: y' is a member of 0 blocks in function '$@'. | ir.cpp:2522:6:2522:28 | void destruction_in_switch_3(int) | void destruction_in_switch_3(int) |
| try_except.c:13:13:13:13 | Constant: 0 | Instruction 'Constant: 0' is a member of 0 blocks in function '$@'. | try_except.c:6:6:6:6 | void f() | void f() |
| try_except.c:13:16:15:3 | CompareEQ: { ... } | Instruction 'CompareEQ: { ... }' is a member of 0 blocks in function '$@'. | try_except.c:6:6:6:6 | void f() | void f() |
| try_except.c:13:16:15:3 | CompareEQ: { ... } | Instruction 'CompareEQ: { ... }' is a member of 0 blocks in function '$@'. | try_except.c:6:6:6:6 | void f() | void f() |
| try_except.c:13:16:15:3 | CompareEQ: { ... } | Instruction 'CompareEQ: { ... }' is a member of 0 blocks in function '$@'. | try_except.c:6:6:6:6 | void f() | void f() |
| try_except.c:13:16:15:3 | ConditionalBranch: { ... } | Instruction 'ConditionalBranch: { ... }' is a member of 0 blocks in function '$@'. | try_except.c:6:6:6:6 | void f() | void f() |
| try_except.c:13:16:15:3 | ConditionalBranch: { ... } | Instruction 'ConditionalBranch: { ... }' is a member of 0 blocks in function '$@'. | try_except.c:6:6:6:6 | void f() | void f() |
| try_except.c:13:16:15:3 | ConditionalBranch: { ... } | Instruction 'ConditionalBranch: { ... }' is a member of 0 blocks in function '$@'. | try_except.c:6:6:6:6 | void f() | void f() |
| try_except.c:13:16:15:3 | Constant: { ... } | Instruction 'Constant: { ... }' is a member of 0 blocks in function '$@'. | try_except.c:6:6:6:6 | void f() | void f() |
| try_except.c:13:16:15:3 | Constant: { ... } | Instruction 'Constant: { ... }' is a member of 0 blocks in function '$@'. | try_except.c:6:6:6:6 | void f() | void f() |
| try_except.c:13:16:15:3 | Constant: { ... } | Instruction 'Constant: { ... }' is a member of 0 blocks in function '$@'. | try_except.c:6:6:6:6 | void f() | void f() |
| try_except.c:13:16:15:3 | Unwind: { ... } | Instruction 'Unwind: { ... }' is a member of 0 blocks in function '$@'. | try_except.c:6:6:6:6 | void f() | void f() |
| try_except.c:14:5:14:8 | Call: call to sink | Instruction 'Call: call to sink' is a member of 0 blocks in function '$@'. | try_except.c:6:6:6:6 | void f() | void f() |
| try_except.c:14:5:14:8 | CallSideEffect: call to sink | Instruction 'CallSideEffect: call to sink' is a member of 0 blocks in function '$@'. | try_except.c:6:6:6:6 | void f() | void f() |
| try_except.c:14:5:14:8 | FunctionAddress: call to sink | Instruction 'FunctionAddress: call to sink' is a member of 0 blocks in function '$@'. | try_except.c:6:6:6:6 | void f() | void f() |
| try_except.c:14:10:14:10 | Load: x | Instruction 'Load: x' is a member of 0 blocks in function '$@'. | try_except.c:6:6:6:6 | void f() | void f() |
| try_except.c:14:10:14:10 | VariableAddress: x | Instruction 'VariableAddress: x' is a member of 0 blocks in function '$@'. | try_except.c:6:6:6:6 | void f() | void f() |
| try_except.c:39:15:39:15 | Constant: 1 | Instruction 'Constant: 1' is a member of 0 blocks in function '$@'. | try_except.c:32:6:32:6 | void h(int) | void h(int) |
| try_except.c:39:18:41:5 | CompareEQ: { ... } | Instruction 'CompareEQ: { ... }' is a member of 0 blocks in function '$@'. | try_except.c:32:6:32:6 | void h(int) | void h(int) |
| try_except.c:39:18:41:5 | CompareEQ: { ... } | Instruction 'CompareEQ: { ... }' is a member of 0 blocks in function '$@'. | try_except.c:32:6:32:6 | void h(int) | void h(int) |
| try_except.c:39:18:41:5 | CompareEQ: { ... } | Instruction 'CompareEQ: { ... }' is a member of 0 blocks in function '$@'. | try_except.c:32:6:32:6 | void h(int) | void h(int) |
| try_except.c:39:18:41:5 | ConditionalBranch: { ... } | Instruction 'ConditionalBranch: { ... }' is a member of 0 blocks in function '$@'. | try_except.c:32:6:32:6 | void h(int) | void h(int) |
| try_except.c:39:18:41:5 | ConditionalBranch: { ... } | Instruction 'ConditionalBranch: { ... }' is a member of 0 blocks in function '$@'. | try_except.c:32:6:32:6 | void h(int) | void h(int) |
| try_except.c:39:18:41:5 | ConditionalBranch: { ... } | Instruction 'ConditionalBranch: { ... }' is a member of 0 blocks in function '$@'. | try_except.c:32:6:32:6 | void h(int) | void h(int) |
| try_except.c:39:18:41:5 | Constant: { ... } | Instruction 'Constant: { ... }' is a member of 0 blocks in function '$@'. | try_except.c:32:6:32:6 | void h(int) | void h(int) |
| try_except.c:39:18:41:5 | Constant: { ... } | Instruction 'Constant: { ... }' is a member of 0 blocks in function '$@'. | try_except.c:32:6:32:6 | void h(int) | void h(int) |
| try_except.c:39:18:41:5 | Constant: { ... } | Instruction 'Constant: { ... }' is a member of 0 blocks in function '$@'. | try_except.c:32:6:32:6 | void h(int) | void h(int) |
| try_except.c:39:18:41:5 | Unwind: { ... } | Instruction 'Unwind: { ... }' is a member of 0 blocks in function '$@'. | try_except.c:32:6:32:6 | void h(int) | void h(int) |
| try_except.c:40:9:40:12 | Call: call to sink | Instruction 'Call: call to sink' is a member of 0 blocks in function '$@'. | try_except.c:32:6:32:6 | void h(int) | void h(int) |
| try_except.c:40:9:40:12 | CallSideEffect: call to sink | Instruction 'CallSideEffect: call to sink' is a member of 0 blocks in function '$@'. | try_except.c:32:6:32:6 | void h(int) | void h(int) |
| try_except.c:40:9:40:12 | FunctionAddress: call to sink | Instruction 'FunctionAddress: call to sink' is a member of 0 blocks in function '$@'. | try_except.c:32:6:32:6 | void h(int) | void h(int) |
| try_except.c:40:14:40:14 | Load: x | Instruction 'Load: x' is a member of 0 blocks in function '$@'. | try_except.c:32:6:32:6 | void h(int) | void h(int) |
| try_except.c:40:14:40:14 | VariableAddress: x | Instruction 'VariableAddress: x' is a member of 0 blocks in function '$@'. | try_except.c:32:6:32:6 | void h(int) | void h(int) |
| try_except.cpp:13:13:13:13 | Constant: 0 | Instruction 'Constant: 0' is a member of 0 blocks in function '$@'. | try_except.cpp:6:6:6:10 | void f_cpp() | void f_cpp() |
| try_except.cpp:13:16:15:3 | CompareEQ: { ... } | Instruction 'CompareEQ: { ... }' is a member of 0 blocks in function '$@'. | try_except.cpp:6:6:6:10 | void f_cpp() | void f_cpp() |
| try_except.cpp:13:16:15:3 | CompareEQ: { ... } | Instruction 'CompareEQ: { ... }' is a member of 0 blocks in function '$@'. | try_except.cpp:6:6:6:10 | void f_cpp() | void f_cpp() |
| try_except.cpp:13:16:15:3 | CompareEQ: { ... } | Instruction 'CompareEQ: { ... }' is a member of 0 blocks in function '$@'. | try_except.cpp:6:6:6:10 | void f_cpp() | void f_cpp() |
| try_except.cpp:13:16:15:3 | ConditionalBranch: { ... } | Instruction 'ConditionalBranch: { ... }' is a member of 0 blocks in function '$@'. | try_except.cpp:6:6:6:10 | void f_cpp() | void f_cpp() |
| try_except.cpp:13:16:15:3 | ConditionalBranch: { ... } | Instruction 'ConditionalBranch: { ... }' is a member of 0 blocks in function '$@'. | try_except.cpp:6:6:6:10 | void f_cpp() | void f_cpp() |
| try_except.cpp:13:16:15:3 | ConditionalBranch: { ... } | Instruction 'ConditionalBranch: { ... }' is a member of 0 blocks in function '$@'. | try_except.cpp:6:6:6:10 | void f_cpp() | void f_cpp() |
| try_except.cpp:13:16:15:3 | Constant: { ... } | Instruction 'Constant: { ... }' is a member of 0 blocks in function '$@'. | try_except.cpp:6:6:6:10 | void f_cpp() | void f_cpp() |
| try_except.cpp:13:16:15:3 | Constant: { ... } | Instruction 'Constant: { ... }' is a member of 0 blocks in function '$@'. | try_except.cpp:6:6:6:10 | void f_cpp() | void f_cpp() |
| try_except.cpp:13:16:15:3 | Constant: { ... } | Instruction 'Constant: { ... }' is a member of 0 blocks in function '$@'. | try_except.cpp:6:6:6:10 | void f_cpp() | void f_cpp() |
| try_except.cpp:13:16:15:3 | Unwind: { ... } | Instruction 'Unwind: { ... }' is a member of 0 blocks in function '$@'. | try_except.cpp:6:6:6:10 | void f_cpp() | void f_cpp() |
| try_except.cpp:14:5:14:8 | Call: call to sink | Instruction 'Call: call to sink' is a member of 0 blocks in function '$@'. | try_except.cpp:6:6:6:10 | void f_cpp() | void f_cpp() |
| try_except.cpp:14:5:14:8 | CallSideEffect: call to sink | Instruction 'CallSideEffect: call to sink' is a member of 0 blocks in function '$@'. | try_except.cpp:6:6:6:10 | void f_cpp() | void f_cpp() |
| try_except.cpp:14:5:14:8 | FunctionAddress: call to sink | Instruction 'FunctionAddress: call to sink' is a member of 0 blocks in function '$@'. | try_except.cpp:6:6:6:10 | void f_cpp() | void f_cpp() |
| try_except.cpp:14:10:14:10 | Load: x | Instruction 'Load: x' is a member of 0 blocks in function '$@'. | try_except.cpp:6:6:6:10 | void f_cpp() | void f_cpp() |
| try_except.cpp:14:10:14:10 | VariableAddress: x | Instruction 'VariableAddress: x' is a member of 0 blocks in function '$@'. | try_except.cpp:6:6:6:10 | void f_cpp() | void f_cpp() |
| try_except.cpp:39:15:39:15 | Constant: 1 | Instruction 'Constant: 1' is a member of 0 blocks in function '$@'. | try_except.cpp:32:6:32:10 | void h_cpp(int) | void h_cpp(int) |
| try_except.cpp:39:18:41:5 | CompareEQ: { ... } | Instruction 'CompareEQ: { ... }' is a member of 0 blocks in function '$@'. | try_except.cpp:32:6:32:10 | void h_cpp(int) | void h_cpp(int) |
| try_except.cpp:39:18:41:5 | CompareEQ: { ... } | Instruction 'CompareEQ: { ... }' is a member of 0 blocks in function '$@'. | try_except.cpp:32:6:32:10 | void h_cpp(int) | void h_cpp(int) |
| try_except.cpp:39:18:41:5 | CompareEQ: { ... } | Instruction 'CompareEQ: { ... }' is a member of 0 blocks in function '$@'. | try_except.cpp:32:6:32:10 | void h_cpp(int) | void h_cpp(int) |
| try_except.cpp:39:18:41:5 | ConditionalBranch: { ... } | Instruction 'ConditionalBranch: { ... }' is a member of 0 blocks in function '$@'. | try_except.cpp:32:6:32:10 | void h_cpp(int) | void h_cpp(int) |
| try_except.cpp:39:18:41:5 | ConditionalBranch: { ... } | Instruction 'ConditionalBranch: { ... }' is a member of 0 blocks in function '$@'. | try_except.cpp:32:6:32:10 | void h_cpp(int) | void h_cpp(int) |
| try_except.cpp:39:18:41:5 | ConditionalBranch: { ... } | Instruction 'ConditionalBranch: { ... }' is a member of 0 blocks in function '$@'. | try_except.cpp:32:6:32:10 | void h_cpp(int) | void h_cpp(int) |
| try_except.cpp:39:18:41:5 | Constant: { ... } | Instruction 'Constant: { ... }' is a member of 0 blocks in function '$@'. | try_except.cpp:32:6:32:10 | void h_cpp(int) | void h_cpp(int) |
| try_except.cpp:39:18:41:5 | Constant: { ... } | Instruction 'Constant: { ... }' is a member of 0 blocks in function '$@'. | try_except.cpp:32:6:32:10 | void h_cpp(int) | void h_cpp(int) |
| try_except.cpp:39:18:41:5 | Constant: { ... } | Instruction 'Constant: { ... }' is a member of 0 blocks in function '$@'. | try_except.cpp:32:6:32:10 | void h_cpp(int) | void h_cpp(int) |
| try_except.cpp:39:18:41:5 | Unwind: { ... } | Instruction 'Unwind: { ... }' is a member of 0 blocks in function '$@'. | try_except.cpp:32:6:32:10 | void h_cpp(int) | void h_cpp(int) |
| try_except.cpp:40:9:40:12 | Call: call to sink | Instruction 'Call: call to sink' is a member of 0 blocks in function '$@'. | try_except.cpp:32:6:32:10 | void h_cpp(int) | void h_cpp(int) |
| try_except.cpp:40:9:40:12 | CallSideEffect: call to sink | Instruction 'CallSideEffect: call to sink' is a member of 0 blocks in function '$@'. | try_except.cpp:32:6:32:10 | void h_cpp(int) | void h_cpp(int) |
| try_except.cpp:40:9:40:12 | FunctionAddress: call to sink | Instruction 'FunctionAddress: call to sink' is a member of 0 blocks in function '$@'. | try_except.cpp:32:6:32:10 | void h_cpp(int) | void h_cpp(int) |
| try_except.cpp:40:14:40:14 | Load: x | Instruction 'Load: x' is a member of 0 blocks in function '$@'. | try_except.cpp:32:6:32:10 | void h_cpp(int) | void h_cpp(int) |
| try_except.cpp:40:14:40:14 | VariableAddress: x | Instruction 'VariableAddress: x' is a member of 0 blocks in function '$@'. | try_except.cpp:32:6:32:10 | void h_cpp(int) | void h_cpp(int) |
| try_except.cpp:44:6:44:14 | Unwind: throw_cpp | Instruction 'Unwind: throw_cpp' is a member of 0 blocks in function '$@'. | try_except.cpp:44:6:44:14 | void throw_cpp(int) | void throw_cpp(int) |
missingCanonicalLanguageType
multipleCanonicalLanguageTypes
containsLoopOfForwardEdges
missingIRType
multipleIRTypes
lostReachability
backEdgeCountMismatch
useNotDominatedByDefinition
switchInstructionWithoutDefaultEdge
notMarkedAsConflated
wronglyMarkedAsConflated
invalidOverlap
nonUniqueEnclosingIRFunction
fieldAddressOnNonPointer
thisArgumentIsNonPointer
| ir.cpp:2546:34:2546:34 | Call: call to operator bool | Call instruction 'Call: call to operator bool' has a `this` argument operand that is not an address, in function '$@'. | ir.cpp:2545:6:2545:23 | void this_inconsistency(bool) | void this_inconsistency(bool) |
nonUniqueIRVariable
| coroutines.cpp:87:20:87:20 | VariableAddress: (unnamed local variable) | Variable address instruction 'VariableAddress: (unnamed local variable)' has no associated variable, in function '$@'. | coroutines.cpp:87:20:87:33 | co_returnable_void co_return_void() | co_returnable_void co_return_void() |
| coroutines.cpp:87:20:87:20 | VariableAddress: (unnamed local variable) | Variable address instruction 'VariableAddress: (unnamed local variable)' has no associated variable, in function '$@'. | coroutines.cpp:87:20:87:33 | co_returnable_void co_return_void() | co_returnable_void co_return_void() |
| coroutines.cpp:91:21:91:21 | VariableAddress: (unnamed local variable) | Variable address instruction 'VariableAddress: (unnamed local variable)' has no associated variable, in function '$@'. | coroutines.cpp:91:21:91:33 | co_returnable_value co_return_int(int) | co_returnable_value co_return_int(int) |
| coroutines.cpp:91:21:91:21 | VariableAddress: (unnamed local variable) | Variable address instruction 'VariableAddress: (unnamed local variable)' has no associated variable, in function '$@'. | coroutines.cpp:91:21:91:33 | co_returnable_value co_return_int(int) | co_returnable_value co_return_int(int) |
| coroutines.cpp:95:20:95:20 | VariableAddress: (unnamed local variable) | Variable address instruction 'VariableAddress: (unnamed local variable)' has no associated variable, in function '$@'. | coroutines.cpp:95:20:95:38 | co_returnable_void co_yield_value_void(int) | co_returnable_void co_yield_value_void(int) |
| coroutines.cpp:95:20:95:20 | VariableAddress: (unnamed local variable) | Variable address instruction 'VariableAddress: (unnamed local variable)' has no associated variable, in function '$@'. | coroutines.cpp:95:20:95:38 | co_returnable_void co_yield_value_void(int) | co_returnable_void co_yield_value_void(int) |
| coroutines.cpp:96:3:96:3 | VariableAddress: (unnamed local variable) | Variable address instruction 'VariableAddress: (unnamed local variable)' has no associated variable, in function '$@'. | coroutines.cpp:95:20:95:38 | co_returnable_void co_yield_value_void(int) | co_returnable_void co_yield_value_void(int) |
| coroutines.cpp:99:21:99:21 | VariableAddress: (unnamed local variable) | Variable address instruction 'VariableAddress: (unnamed local variable)' has no associated variable, in function '$@'. | coroutines.cpp:99:21:99:40 | co_returnable_value co_yield_value_value(int) | co_returnable_value co_yield_value_value(int) |
| coroutines.cpp:99:21:99:21 | VariableAddress: (unnamed local variable) | Variable address instruction 'VariableAddress: (unnamed local variable)' has no associated variable, in function '$@'. | coroutines.cpp:99:21:99:40 | co_returnable_value co_yield_value_value(int) | co_returnable_value co_yield_value_value(int) |
| coroutines.cpp:100:3:100:3 | VariableAddress: (unnamed local variable) | Variable address instruction 'VariableAddress: (unnamed local variable)' has no associated variable, in function '$@'. | coroutines.cpp:99:21:99:40 | co_returnable_value co_yield_value_value(int) | co_returnable_value co_yield_value_value(int) |
| coroutines.cpp:103:20:103:20 | VariableAddress: (unnamed local variable) | Variable address instruction 'VariableAddress: (unnamed local variable)' has no associated variable, in function '$@'. | coroutines.cpp:103:20:103:43 | co_returnable_void co_yield_and_return_void(int) | co_returnable_void co_yield_and_return_void(int) |
| coroutines.cpp:103:20:103:20 | VariableAddress: (unnamed local variable) | Variable address instruction 'VariableAddress: (unnamed local variable)' has no associated variable, in function '$@'. | coroutines.cpp:103:20:103:43 | co_returnable_void co_yield_and_return_void(int) | co_returnable_void co_yield_and_return_void(int) |
| coroutines.cpp:104:3:104:3 | VariableAddress: (unnamed local variable) | Variable address instruction 'VariableAddress: (unnamed local variable)' has no associated variable, in function '$@'. | coroutines.cpp:103:20:103:43 | co_returnable_void co_yield_and_return_void(int) | co_returnable_void co_yield_and_return_void(int) |
| coroutines.cpp:108:21:108:21 | VariableAddress: (unnamed local variable) | Variable address instruction 'VariableAddress: (unnamed local variable)' has no associated variable, in function '$@'. | coroutines.cpp:108:21:108:45 | co_returnable_value co_yield_and_return_value(int) | co_returnable_value co_yield_and_return_value(int) |
| coroutines.cpp:108:21:108:21 | VariableAddress: (unnamed local variable) | Variable address instruction 'VariableAddress: (unnamed local variable)' has no associated variable, in function '$@'. | coroutines.cpp:108:21:108:45 | co_returnable_value co_yield_and_return_value(int) | co_returnable_value co_yield_and_return_value(int) |
| coroutines.cpp:109:3:109:3 | VariableAddress: (unnamed local variable) | Variable address instruction 'VariableAddress: (unnamed local variable)' has no associated variable, in function '$@'. | coroutines.cpp:108:21:108:45 | co_returnable_value co_yield_and_return_value(int) | co_returnable_value co_yield_and_return_value(int) |
| file://:0:0:0:0 | VariableAddress: (unnamed local variable) | Variable address instruction 'VariableAddress: (unnamed local variable)' has no associated variable, in function '$@'. | coroutines.cpp:87:20:87:33 | co_returnable_void co_return_void() | co_returnable_void co_return_void() |
| file://:0:0:0:0 | VariableAddress: (unnamed local variable) | Variable address instruction 'VariableAddress: (unnamed local variable)' has no associated variable, in function '$@'. | coroutines.cpp:87:20:87:33 | co_returnable_void co_return_void() | co_returnable_void co_return_void() |
| file://:0:0:0:0 | VariableAddress: (unnamed local variable) | Variable address instruction 'VariableAddress: (unnamed local variable)' has no associated variable, in function '$@'. | coroutines.cpp:91:21:91:33 | co_returnable_value co_return_int(int) | co_returnable_value co_return_int(int) |
| file://:0:0:0:0 | VariableAddress: (unnamed local variable) | Variable address instruction 'VariableAddress: (unnamed local variable)' has no associated variable, in function '$@'. | coroutines.cpp:91:21:91:33 | co_returnable_value co_return_int(int) | co_returnable_value co_return_int(int) |
| file://:0:0:0:0 | VariableAddress: (unnamed local variable) | Variable address instruction 'VariableAddress: (unnamed local variable)' has no associated variable, in function '$@'. | coroutines.cpp:95:20:95:38 | co_returnable_void co_yield_value_void(int) | co_returnable_void co_yield_value_void(int) |
| file://:0:0:0:0 | VariableAddress: (unnamed local variable) | Variable address instruction 'VariableAddress: (unnamed local variable)' has no associated variable, in function '$@'. | coroutines.cpp:95:20:95:38 | co_returnable_void co_yield_value_void(int) | co_returnable_void co_yield_value_void(int) |
| file://:0:0:0:0 | VariableAddress: (unnamed local variable) | Variable address instruction 'VariableAddress: (unnamed local variable)' has no associated variable, in function '$@'. | coroutines.cpp:99:21:99:40 | co_returnable_value co_yield_value_value(int) | co_returnable_value co_yield_value_value(int) |
| file://:0:0:0:0 | VariableAddress: (unnamed local variable) | Variable address instruction 'VariableAddress: (unnamed local variable)' has no associated variable, in function '$@'. | coroutines.cpp:99:21:99:40 | co_returnable_value co_yield_value_value(int) | co_returnable_value co_yield_value_value(int) |
| file://:0:0:0:0 | VariableAddress: (unnamed local variable) | Variable address instruction 'VariableAddress: (unnamed local variable)' has no associated variable, in function '$@'. | coroutines.cpp:103:20:103:43 | co_returnable_void co_yield_and_return_void(int) | co_returnable_void co_yield_and_return_void(int) |
| file://:0:0:0:0 | VariableAddress: (unnamed local variable) | Variable address instruction 'VariableAddress: (unnamed local variable)' has no associated variable, in function '$@'. | coroutines.cpp:103:20:103:43 | co_returnable_void co_yield_and_return_void(int) | co_returnable_void co_yield_and_return_void(int) |
| file://:0:0:0:0 | VariableAddress: (unnamed local variable) | Variable address instruction 'VariableAddress: (unnamed local variable)' has no associated variable, in function '$@'. | coroutines.cpp:108:21:108:45 | co_returnable_value co_yield_and_return_value(int) | co_returnable_value co_yield_and_return_value(int) |
| file://:0:0:0:0 | VariableAddress: (unnamed local variable) | Variable address instruction 'VariableAddress: (unnamed local variable)' has no associated variable, in function '$@'. | coroutines.cpp:108:21:108:45 | co_returnable_value co_yield_and_return_value(int) | co_returnable_value co_yield_and_return_value(int) |
missingCppType
